#
# There is insufficient memory for the Java Runtime Environment to continue.
# Native memory allocation (malloc) failed to allocate 1688176 bytes. Error detail: Chunk::new
# Possible reasons:
#   The system is out of physical RAM or swap space
#   This process is running with CompressedOops enabled, and the Java Heap may be blocking the growth of the native heap
# Possible solutions:
#   Reduce memory load on the system
#   Increase physical memory or swap space
#   Check if swap backing store is full
#   Decrease Java heap size (-Xmx/-Xms)
#   Decrease number of Java threads
#   Decrease Java thread stack sizes (-Xss)
#   Set larger code cache with -XX:ReservedCodeCacheSize=
#   JVM is running with Unscaled Compressed Oops mode in which the Java heap is
#     placed in the first 4GB address space. The Java Heap base address is the
#     maximum limit for the native heap growth. Please use -XX:HeapBaseMinAddress
#     to set the Java Heap base and to place the Java Heap above 4GB virtual address.
# This output file may be truncated or incomplete.
#
#  Out of Memory Error (arena.cpp:191), pid=21372, tid=15752
#
# JRE version: OpenJDK Runtime Environment Microsoft-11369865 (17.0.15+6) (build 17.0.15+6-LTS)
# Java VM: OpenJDK 64-Bit Server VM Microsoft-11369865 (17.0.15+6-LTS, mixed mode, sharing, tiered, compressed oops, compressed class ptrs, g1 gc, windows-amd64)
# No core dump will be written. Minidumps are not enabled by default on client versions of Windows
#

---------------  S U M M A R Y ------------

Command Line: -Xmx64m -Xms64m -Dorg.gradle.appname=gradlew D:/BhojanQRMobile/android/gradle/wrapper/gradle-wrapper.jar installDebug --console=plain

Host: 12th Gen Intel(R) Core(TM) i5-12450H, 12 cores, 7G,  Windows 11 , 64 bit Build 26100 (10.0.26100.9168)
Time: Sat Aug 15 20:13:42 2026 India Standard Time elapsed time: 66.930123 seconds (0d 0h 1m 6s)

---------------  T H R E A D  ---------------

Current thread (0x0000022fff7f7ec0):  JavaThread "C2 CompilerThread0" daemon [_thread_in_native, id=15752, stack(0x00000047a0c00000,0x00000047a0d00000)]


Current CompileTask:
C2:  66930 1925   !   4       java.io.ObjectInputStream::readSerialData (549 bytes)

Stack: [0x00000047a0c00000,0x00000047a0d00000]
Native frames: (J=compiled Java code, j=interpreted, Vv=VM code, C=native code)
V  [jvm.dll+0x6887a9]
V  [jvm.dll+0x83f5a8]
V  [jvm.dll+0x841053]
V  [jvm.dll+0x8416c3]
V  [jvm.dll+0x2496ef]
V  [jvm.dll+0xad134]
V  [jvm.dll+0xad7cc]
V  [jvm.dll+0x36aedf]
V  [jvm.dll+0x335513]
V  [jvm.dll+0x3349aa]
V  [jvm.dll+0x21a908]
V  [jvm.dll+0x219d3f]
V  [jvm.dll+0x1a55f6]
V  [jvm.dll+0x22a39a]
V  [jvm.dll+0x2284db]
V  [jvm.dll+0x7f4e28]
V  [jvm.dll+0x7ef2dc]
V  [jvm.dll+0x687687]
C  [ucrtbase.dll+0x2cd30]
C  [KERNEL32.DLL+0x2ccb7]
C  [ntdll.dll+0xaad6c]


---------------  P R O C E S S  ---------------

Threads class SMR info:
_java_thread_list=0x0000022fdcca6ca0, length=13, elements={
0x0000022ffc3e10b0, 0x0000022fff7d08f0, 0x0000022fff7d5f50, 0x0000022fff7f01f0,
0x0000022fff7f0bb0, 0x0000022fff7f4120, 0x0000022fff7f4ae0, 0x0000022fff7f7ec0,
0x0000022fff804c80, 0x0000022fff812c60, 0x0000022f96b72880, 0x0000022f96b73a20,
0x0000022fdce98700
}

Java Threads: ( => current thread )
  0x0000022ffc3e10b0 JavaThread "main" [_thread_blocked, id=22064, stack(0x000000479ff00000,0x00000047a0000000)]
  0x0000022fff7d08f0 JavaThread "Reference Handler" daemon [_thread_blocked, id=16928, stack(0x00000047a0600000,0x00000047a0700000)]
  0x0000022fff7d5f50 JavaThread "Finalizer" daemon [_thread_blocked, id=8584, stack(0x00000047a0700000,0x00000047a0800000)]
  0x0000022fff7f01f0 JavaThread "Signal Dispatcher" daemon [_thread_blocked, id=19936, stack(0x00000047a0800000,0x00000047a0900000)]
  0x0000022fff7f0bb0 JavaThread "Attach Listener" daemon [_thread_blocked, id=11512, stack(0x00000047a0900000,0x00000047a0a00000)]
  0x0000022fff7f4120 JavaThread "Service Thread" daemon [_thread_blocked, id=3468, stack(0x00000047a0a00000,0x00000047a0b00000)]
  0x0000022fff7f4ae0 JavaThread "Monitor Deflation Thread" daemon [_thread_blocked, id=9176, stack(0x00000047a0b00000,0x00000047a0c00000)]
=>0x0000022fff7f7ec0 JavaThread "C2 CompilerThread0" daemon [_thread_in_native, id=15752, stack(0x00000047a0c00000,0x00000047a0d00000)]
  0x0000022fff804c80 JavaThread "C1 CompilerThread0" daemon [_thread_blocked, id=11532, stack(0x00000047a0d00000,0x00000047a0e00000)]
  0x0000022fff812c60 JavaThread "Sweeper thread" daemon [_thread_blocked, id=21272, stack(0x00000047a0e00000,0x00000047a0f00000)]
  0x0000022f96b72880 JavaThread "Notification Thread" daemon [_thread_blocked, id=12396, stack(0x00000047a0f00000,0x00000047a1000000)]
  0x0000022f96b73a20 JavaThread "Common-Cleaner" daemon [_thread_blocked, id=19668, stack(0x00000047a1100000,0x00000047a1200000)]
  0x0000022fdce98700 JavaThread "pool-1-thread-1" [_thread_in_vm, id=16636, stack(0x00000047a1700000,0x00000047a1800000)]

Other Threads:
  0x0000022fff7cb840 VMThread "VM Thread" [stack: 0x00000047a0500000,0x00000047a0600000] [id=648]
  0x0000022f96b72d60 WatcherThread [stack: 0x00000047a1000000,0x00000047a1100000] [id=18576]
  0x0000022ffc401450 GCTaskThread "GC Thread#0" [stack: 0x00000047a0000000,0x00000047a0100000] [id=14592]
  0x0000022fdc2ee0e0 GCTaskThread "GC Thread#1" [stack: 0x00000047a1400000,0x00000047a1500000] [id=2608]
  0x0000022fdc1eba60 GCTaskThread "GC Thread#2" [stack: 0x00000047a1500000,0x00000047a1600000] [id=11508]
  0x0000022fdc1ebd20 GCTaskThread "GC Thread#3" [stack: 0x00000047a1600000,0x00000047a1700000] [id=20684]
  0x0000022fdcec3680 GCTaskThread "GC Thread#4" [stack: 0x00000047a1800000,0x00000047a1900000] [id=19440]
  0x0000022fdcec3940 GCTaskThread "GC Thread#5" [stack: 0x00000047a1900000,0x00000047a1a00000] [id=15984]
  0x0000022fdd3c4810 GCTaskThread "GC Thread#6" [stack: 0x00000047a1a00000,0x00000047a1b00000] [id=15120]
  0x0000022fdd3c4ad0 GCTaskThread "GC Thread#7" [stack: 0x00000047a1b00000,0x00000047a1c00000] [id=21116]
  0x0000022ffc403bb0 ConcurrentGCThread "G1 Main Marker" [stack: 0x00000047a0100000,0x00000047a0200000] [id=10968]
  0x0000022ffc4045d0 ConcurrentGCThread "G1 Conc#0" [stack: 0x00000047a0200000,0x00000047a0300000] [id=21512]
  0x0000022ffc481ad0 ConcurrentGCThread "G1 Refine#0" [stack: 0x00000047a0300000,0x00000047a0400000] [id=19232]
  0x0000022fdd4be0b0 ConcurrentGCThread "G1 Refine#1" [stack: 0x00000047a1c00000,0x00000047a1d00000] [id=11812]
  0x0000022ffc4823a0 ConcurrentGCThread "G1 Service" [stack: 0x00000047a0400000,0x00000047a0500000] [id=11200]

Threads with active compile tasks:
C2 CompilerThread0    66953 1925   !   4       java.io.ObjectInputStream::readSerialData (549 bytes)

VM state: not at safepoint (normal execution)

VM Mutex/Monitor currently owned by a thread: None

Heap address: 0x00000000fc000000, size: 64 MB, Compressed Oops mode: 32-bit

CDS archive(s) mapped at: [0x0000022f97000000-0x0000022f97bb0000-0x0000022f97bb0000), size 12255232, SharedBaseAddress: 0x0000022f97000000, ArchiveRelocationMode: 1.
Compressed class space mapped at: 0x0000022f98000000-0x0000022fd8000000, reserved size: 1073741824
Narrow klass base: 0x0000022f97000000, Narrow klass shift: 0, Narrow klass range: 0x100000000

GC Precious Log:
 CPUs: 12 total, 12 available
 Memory: 7832M
 Large Page Support: Disabled
 NUMA Support: Disabled
 Compressed Oops: Enabled (32-bit)
 Heap Region Size: 1M
 Heap Min Capacity: 64M
 Heap Initial Capacity: 64M
 Heap Max Capacity: 64M
 Pre-touch: Disabled
 Parallel Workers: 10
 Concurrent Workers: 3
 Concurrent Refinement Workers: 10
 Periodic GC: Disabled

Heap:
 garbage-first heap   total 65536K, used 29877K [0x00000000fc000000, 0x0000000100000000)
  region size 1024K, 24 young (24576K), 5 survivors (5120K)
 Metaspace       used 9492K, committed 9728K, reserved 1114112K
  class space    used 1243K, committed 1344K, reserved 1048576K

Heap Regions: E=young(eden), S=young(survivor), O=old, HS=humongous(starts), HC=humongous(continues), CS=collection set, F=free, OA=open archive, CA=closed archive, TAMS=top-at-mark-start (previous, next)
|   0|0x00000000fc000000, 0x00000000fc100000, 0x00000000fc100000|100%|HS|  |TAMS 0x00000000fc000000, 0x00000000fc000000| Complete 
|   1|0x00000000fc100000, 0x00000000fc200000, 0x00000000fc200000|100%|HC|  |TAMS 0x00000000fc100000, 0x00000000fc100000| Complete 
|   2|0x00000000fc200000, 0x00000000fc300000, 0x00000000fc300000|100%|HC|  |TAMS 0x00000000fc200000, 0x00000000fc200000| Complete 
|   3|0x00000000fc300000, 0x00000000fc400000, 0x00000000fc400000|100%| O|  |TAMS 0x00000000fc300000, 0x00000000fc300000| Untracked 
|   4|0x00000000fc400000, 0x00000000fc500000, 0x00000000fc500000|100%| O|  |TAMS 0x00000000fc400000, 0x00000000fc400000| Untracked 
|   5|0x00000000fc500000, 0x00000000fc600000, 0x00000000fc600000|100%| O|  |TAMS 0x00000000fc500000, 0x00000000fc500000| Untracked 
|   6|0x00000000fc600000, 0x00000000fc62d600, 0x00000000fc700000| 17%| O|  |TAMS 0x00000000fc600000, 0x00000000fc600000| Untracked 
|   7|0x00000000fc700000, 0x00000000fc700000, 0x00000000fc800000|  0%| F|  |TAMS 0x00000000fc700000, 0x00000000fc700000| Untracked 
|   8|0x00000000fc800000, 0x00000000fc800000, 0x00000000fc900000|  0%| F|  |TAMS 0x00000000fc800000, 0x00000000fc800000| Untracked 
|   9|0x00000000fc900000, 0x00000000fc900000, 0x00000000fca00000|  0%| F|  |TAMS 0x00000000fc900000, 0x00000000fc900000| Untracked 
|  10|0x00000000fca00000, 0x00000000fca00000, 0x00000000fcb00000|  0%| F|  |TAMS 0x00000000fca00000, 0x00000000fca00000| Untracked 
|  11|0x00000000fcb00000, 0x00000000fcb00000, 0x00000000fcc00000|  0%| F|  |TAMS 0x00000000fcb00000, 0x00000000fcb00000| Untracked 
|  12|0x00000000fcc00000, 0x00000000fcc00000, 0x00000000fcd00000|  0%| F|  |TAMS 0x00000000fcc00000, 0x00000000fcc00000| Untracked 
|  13|0x00000000fcd00000, 0x00000000fcd00000, 0x00000000fce00000|  0%| F|  |TAMS 0x00000000fcd00000, 0x00000000fcd00000| Untracked 
|  14|0x00000000fce00000, 0x00000000fce00000, 0x00000000fcf00000|  0%| F|  |TAMS 0x00000000fce00000, 0x00000000fce00000| Untracked 
|  15|0x00000000fcf00000, 0x00000000fcf00000, 0x00000000fd000000|  0%| F|  |TAMS 0x00000000fcf00000, 0x00000000fcf00000| Untracked 
|  16|0x00000000fd000000, 0x00000000fd000000, 0x00000000fd100000|  0%| F|  |TAMS 0x00000000fd000000, 0x00000000fd000000| Untracked 
|  17|0x00000000fd100000, 0x00000000fd100000, 0x00000000fd200000|  0%| F|  |TAMS 0x00000000fd100000, 0x00000000fd100000| Untracked 
|  18|0x00000000fd200000, 0x00000000fd200000, 0x00000000fd300000|  0%| F|  |TAMS 0x00000000fd200000, 0x00000000fd200000| Untracked 
|  19|0x00000000fd300000, 0x00000000fd300000, 0x00000000fd400000|  0%| F|  |TAMS 0x00000000fd300000, 0x00000000fd300000| Untracked 
|  20|0x00000000fd400000, 0x00000000fd400000, 0x00000000fd500000|  0%| F|  |TAMS 0x00000000fd400000, 0x00000000fd400000| Untracked 
|  21|0x00000000fd500000, 0x00000000fd500000, 0x00000000fd600000|  0%| F|  |TAMS 0x00000000fd500000, 0x00000000fd500000| Untracked 
|  22|0x00000000fd600000, 0x00000000fd600000, 0x00000000fd700000|  0%| F|  |TAMS 0x00000000fd600000, 0x00000000fd600000| Untracked 
|  23|0x00000000fd700000, 0x00000000fd700000, 0x00000000fd800000|  0%| F|  |TAMS 0x00000000fd700000, 0x00000000fd700000| Untracked 
|  24|0x00000000fd800000, 0x00000000fd800000, 0x00000000fd900000|  0%| F|  |TAMS 0x00000000fd800000, 0x00000000fd800000| Untracked 
|  25|0x00000000fd900000, 0x00000000fd900000, 0x00000000fda00000|  0%| F|  |TAMS 0x00000000fd900000, 0x00000000fd900000| Untracked 
|  26|0x00000000fda00000, 0x00000000fdb00000, 0x00000000fdb00000|100%| S|CS|TAMS 0x00000000fda00000, 0x00000000fda00000| Complete 
|  27|0x00000000fdb00000, 0x00000000fdc00000, 0x00000000fdc00000|100%| S|CS|TAMS 0x00000000fdb00000, 0x00000000fdb00000| Complete 
|  28|0x00000000fdc00000, 0x00000000fdd00000, 0x00000000fdd00000|100%| S|CS|TAMS 0x00000000fdc00000, 0x00000000fdc00000| Complete 
|  29|0x00000000fdd00000, 0x00000000fde00000, 0x00000000fde00000|100%| S|CS|TAMS 0x00000000fdd00000, 0x00000000fdd00000| Complete 
|  30|0x00000000fde00000, 0x00000000fdf00000, 0x00000000fdf00000|100%| S|CS|TAMS 0x00000000fde00000, 0x00000000fde00000| Complete 
|  31|0x00000000fdf00000, 0x00000000fdf00000, 0x00000000fe000000|  0%| F|  |TAMS 0x00000000fdf00000, 0x00000000fdf00000| Untracked 
|  32|0x00000000fe000000, 0x00000000fe000000, 0x00000000fe100000|  0%| F|  |TAMS 0x00000000fe000000, 0x00000000fe000000| Untracked 
|  33|0x00000000fe100000, 0x00000000fe100000, 0x00000000fe200000|  0%| F|  |TAMS 0x00000000fe100000, 0x00000000fe100000| Untracked 
|  34|0x00000000fe200000, 0x00000000fe200000, 0x00000000fe300000|  0%| F|  |TAMS 0x00000000fe200000, 0x00000000fe200000| Untracked 
|  35|0x00000000fe300000, 0x00000000fe300000, 0x00000000fe400000|  0%| F|  |TAMS 0x00000000fe300000, 0x00000000fe300000| Untracked 
|  36|0x00000000fe400000, 0x00000000fe400000, 0x00000000fe500000|  0%| F|  |TAMS 0x00000000fe400000, 0x00000000fe400000| Untracked 
|  37|0x00000000fe500000, 0x00000000fe500000, 0x00000000fe600000|  0%| F|  |TAMS 0x00000000fe500000, 0x00000000fe500000| Untracked 
|  38|0x00000000fe600000, 0x00000000fe600000, 0x00000000fe700000|  0%| F|  |TAMS 0x00000000fe600000, 0x00000000fe600000| Untracked 
|  39|0x00000000fe700000, 0x00000000fe700000, 0x00000000fe800000|  0%| F|  |TAMS 0x00000000fe700000, 0x00000000fe700000| Untracked 
|  40|0x00000000fe800000, 0x00000000fe800000, 0x00000000fe900000|  0%| F|  |TAMS 0x00000000fe800000, 0x00000000fe800000| Untracked 
|  41|0x00000000fe900000, 0x00000000fe900000, 0x00000000fea00000|  0%| F|  |TAMS 0x00000000fe900000, 0x00000000fe900000| Untracked 
|  42|0x00000000fea00000, 0x00000000fea00000, 0x00000000feb00000|  0%| F|  |TAMS 0x00000000fea00000, 0x00000000fea00000| Untracked 
|  43|0x00000000feb00000, 0x00000000feb00000, 0x00000000fec00000|  0%| F|  |TAMS 0x00000000feb00000, 0x00000000feb00000| Untracked 
|  44|0x00000000fec00000, 0x00000000fec00000, 0x00000000fed00000|  0%| F|  |TAMS 0x00000000fec00000, 0x00000000fec00000| Untracked 
|  45|0x00000000fed00000, 0x00000000fedacfc0, 0x00000000fee00000| 67%| E|  |TAMS 0x00000000fed00000, 0x00000000fed00000| Complete 
|  46|0x00000000fee00000, 0x00000000fef00000, 0x00000000fef00000|100%| E|CS|TAMS 0x00000000fee00000, 0x00000000fee00000| Complete 
|  47|0x00000000fef00000, 0x00000000ff000000, 0x00000000ff000000|100%| E|CS|TAMS 0x00000000fef00000, 0x00000000fef00000| Complete 
|  48|0x00000000ff000000, 0x00000000ff100000, 0x00000000ff100000|100%| E|CS|TAMS 0x00000000ff000000, 0x00000000ff000000| Complete 
|  49|0x00000000ff100000, 0x00000000ff200000, 0x00000000ff200000|100%| E|CS|TAMS 0x00000000ff100000, 0x00000000ff100000| Complete 
|  50|0x00000000ff200000, 0x00000000ff300000, 0x00000000ff300000|100%| E|CS|TAMS 0x00000000ff200000, 0x00000000ff200000| Complete 
|  51|0x00000000ff300000, 0x00000000ff400000, 0x00000000ff400000|100%| E|CS|TAMS 0x00000000ff300000, 0x00000000ff300000| Complete 
|  52|0x00000000ff400000, 0x00000000ff500000, 0x00000000ff500000|100%| E|CS|TAMS 0x00000000ff400000, 0x00000000ff400000| Complete 
|  53|0x00000000ff500000, 0x00000000ff600000, 0x00000000ff600000|100%| E|CS|TAMS 0x00000000ff500000, 0x00000000ff500000| Complete 
|  54|0x00000000ff600000, 0x00000000ff700000, 0x00000000ff700000|100%| E|CS|TAMS 0x00000000ff600000, 0x00000000ff600000| Complete 
|  55|0x00000000ff700000, 0x00000000ff800000, 0x00000000ff800000|100%| E|CS|TAMS 0x00000000ff700000, 0x00000000ff700000| Complete 
|  56|0x00000000ff800000, 0x00000000ff900000, 0x00000000ff900000|100%| E|CS|TAMS 0x00000000ff800000, 0x00000000ff800000| Complete 
|  57|0x00000000ff900000, 0x00000000ffa00000, 0x00000000ffa00000|100%| E|CS|TAMS 0x00000000ff900000, 0x00000000ff900000| Complete 
|  58|0x00000000ffa00000, 0x00000000ffb00000, 0x00000000ffb00000|100%| E|CS|TAMS 0x00000000ffa00000, 0x00000000ffa00000| Complete 
|  59|0x00000000ffb00000, 0x00000000ffc00000, 0x00000000ffc00000|100%| E|CS|TAMS 0x00000000ffb00000, 0x00000000ffb00000| Complete 
|  60|0x00000000ffc00000, 0x00000000ffd00000, 0x00000000ffd00000|100%| E|CS|TAMS 0x00000000ffc00000, 0x00000000ffc00000| Complete 
|  61|0x00000000ffd00000, 0x00000000ffe00000, 0x00000000ffe00000|100%| E|CS|TAMS 0x00000000ffd00000, 0x00000000ffd00000| Complete 
|  62|0x00000000ffe00000, 0x00000000fff00000, 0x00000000fff00000|100%| E|CS|TAMS 0x00000000ffe00000, 0x00000000ffe00000| Complete 
|  63|0x00000000fff00000, 0x0000000100000000, 0x0000000100000000|100%| E|CS|TAMS 0x00000000fff00000, 0x00000000fff00000| Complete 

Card table byte_map: [0x0000022ffa290000,0x0000022ffa2b0000] _byte_map_base: 0x0000022ff9ab0000

Marking Bits (Prev, Next): (CMBitMap*) 0x0000022ffc401a70, (CMBitMap*) 0x0000022ffc401ab0
 Prev Bits: [0x0000022ffc9e0000, 0x0000022ffcae0000)
 Next Bits: [0x0000022ffcae0000, 0x0000022ffcbe0000)

Polling page: 0x0000022ffa240000

Metaspace:

Usage:
  Non-class:      8.06 MB used.
      Class:      1.21 MB used.
       Both:      9.27 MB used.

Virtual space:
  Non-class space:       64.00 MB reserved,       8.19 MB ( 13%) committed,  1 nodes.
      Class space:        1.00 GB reserved,       1.31 MB ( <1%) committed,  1 nodes.
             Both:        1.06 GB reserved,       9.50 MB ( <1%) committed. 

Chunk freelists:
   Non-Class:  6.98 MB
       Class:  14.53 MB
        Both:  21.50 MB

MaxMetaspaceSize: unlimited
CompressedClassSpaceSize: 1.00 GB
Initial GC threshold: 21.00 MB
Current GC threshold: 21.00 MB
CDS: on
MetaspaceReclaimPolicy: balanced
 - commit_granule_bytes: 65536.
 - commit_granule_words: 8192.
 - virtual_space_node_default_size: 8388608.
 - enlarge_chunks_in_place: 1.
 - new_chunks_are_fully_committed: 0.
 - uncommit_free_chunks: 1.
 - use_allocation_guard: 0.
 - handle_deallocations: 1.


Internal statistics:

num_allocs_failed_limit: 0.
num_arena_births: 112.
num_arena_deaths: 0.
num_vsnodes_births: 2.
num_vsnodes_deaths: 0.
num_space_committed: 152.
num_space_uncommitted: 0.
num_chunks_returned_to_freelist: 0.
num_chunks_taken_from_freelist: 384.
num_chunk_merges: 0.
num_chunk_splits: 241.
num_chunks_enlarged: 173.
num_inconsistent_stats: 0.

CodeHeap 'non-profiled nmethods': size=120000Kb used=862Kb max_used=862Kb free=119137Kb
 bounds [0x0000022f8f560000, 0x0000022f8f7d0000, 0x0000022f96a90000]
CodeHeap 'profiled nmethods': size=120000Kb used=3771Kb max_used=3771Kb free=116229Kb
 bounds [0x0000022f87a90000, 0x0000022f87e40000, 0x0000022f8efc0000]
CodeHeap 'non-nmethods': size=5760Kb used=1169Kb max_used=1201Kb free=4590Kb
 bounds [0x0000022f8efc0000, 0x0000022f8f230000, 0x0000022f8f560000]
 total_blobs=2395 nmethods=1932 adapters=376
 compilation: enabled
              stopped_count=0, restarted_count=0
 full_count=0

Compilation events (20 events):
Event: 66.801 Thread 0x0000022fff804c80 1928       3       java.util.ArrayList::readObject (118 bytes)
Event: 66.802 Thread 0x0000022fff804c80 nmethod 1928 0x0000022f87e39790 code [0x0000022f87e39ac0, 0x0000022f87e3acc8]
Event: 66.802 Thread 0x0000022fff804c80 1929       3       org.gradle.internal.serialize.ExceptionPlaceholder::recreateExceptions (99 bytes)
Event: 66.802 Thread 0x0000022fff804c80 nmethod 1929 0x0000022f87e3b390 code [0x0000022f87e3b640, 0x0000022f87e3c538]
Event: 66.802 Thread 0x0000022fff804c80 1930       3       java.io.SerialCallbackContext::getObj (9 bytes)
Event: 66.802 Thread 0x0000022fff804c80 nmethod 1930 0x0000022f87e3c910 code [0x0000022f87e3cac0, 0x0000022f87e3cd48]
Event: 66.803 Thread 0x0000022fff804c80 1931       1       org.gradle.internal.serialize.ClassLoaderObjectInputStream::getClassLoader (5 bytes)
Event: 66.803 Thread 0x0000022fff804c80 nmethod 1931 0x0000022f8f636c10 code [0x0000022f8f636da0, 0x0000022f8f636e78]
Event: 66.803 Thread 0x0000022fff804c80 1932       1       org.gradle.internal.serialize.ExceptionReplacingObjectInputStream::setObjectTransformer (6 bytes)
Event: 66.803 Thread 0x0000022fff804c80 nmethod 1932 0x0000022f8f636f10 code [0x0000022f8f6370a0, 0x0000022f8f6371b8]
Event: 66.814 Thread 0x0000022fff804c80 1934   !   3       java.io.ObjectStreamClass::invokeReadObject (93 bytes)
Event: 66.815 Thread 0x0000022fff804c80 nmethod 1934 0x0000022f87e3ce90 code [0x0000022f87e3d140, 0x0000022f87e3e188]
Event: 66.870 Thread 0x0000022fff804c80 1936       1       org.gradle.internal.logging.text.AbstractLineChoppingStyledTextOutput::access$100 (5 bytes)
Event: 66.870 Thread 0x0000022fff804c80 nmethod 1936 0x0000022f8f637210 code [0x0000022f8f6373a0, 0x0000022f8f637458]
Event: 66.870 Thread 0x0000022fff804c80 1937       1       org.gradle.internal.logging.text.AbstractLineChoppingStyledTextOutput::access$200 (5 bytes)
Event: 66.871 Thread 0x0000022fff804c80 nmethod 1937 0x0000022f8f637510 code [0x0000022f8f6376a0, 0x0000022f8f637758]
Event: 66.871 Thread 0x0000022fff804c80 1938       1       org.gradle.internal.logging.text.AbstractLineChoppingStyledTextOutput::access$300 (5 bytes)
Event: 66.871 Thread 0x0000022fff804c80 nmethod 1938 0x0000022f8f637810 code [0x0000022f8f6379a0, 0x0000022f8f637a58]
Event: 66.887 Thread 0x0000022fff804c80 1939       3       org.gradle.internal.logging.text.AbstractStyledTextOutput::style (20 bytes)
Event: 66.887 Thread 0x0000022fff804c80 nmethod 1939 0x0000022f87e3e710 code [0x0000022f87e3e8c0, 0x0000022f87e3eb28]

GC Heap History (4 events):
Event: 0.682 GC heap before
{Heap before GC invocations=0 (full 0):
 garbage-first heap   total 65536K, used 22528K [0x00000000fc000000, 0x0000000100000000)
  region size 1024K, 23 young (23552K), 0 survivors (0K)
 Metaspace       used 1793K, committed 1920K, reserved 1114112K
  class space    used 160K, committed 192K, reserved 1048576K
}
Event: 0.685 GC heap after
{Heap after GC invocations=1 (full 0):
 garbage-first heap   total 65536K, used 2528K [0x00000000fc000000, 0x0000000100000000)
  region size 1024K, 3 young (3072K), 3 survivors (3072K)
 Metaspace       used 1793K, committed 1920K, reserved 1114112K
  class space    used 160K, committed 192K, reserved 1048576K
}
Event: 1.733 GC heap before
{Heap before GC invocations=1 (full 0):
 garbage-first heap   total 65536K, used 35296K [0x00000000fc000000, 0x0000000100000000)
  region size 1024K, 33 young (33792K), 3 survivors (3072K)
 Metaspace       used 8432K, committed 8640K, reserved 1114112K
  class space    used 1154K, committed 1216K, reserved 1048576K
}
Event: 1.740 GC heap after
{Heap after GC invocations=2 (full 0):
 garbage-first heap   total 65536K, used 11445K [0x00000000fc000000, 0x0000000100000000)
  region size 1024K, 5 young (5120K), 5 survivors (5120K)
 Metaspace       used 8432K, committed 8640K, reserved 1114112K
  class space    used 1154K, committed 1216K, reserved 1048576K
}

Dll operation events (12 events):
Event: 0.013 Loaded shared library C:\Program Files\Microsoft\jdk-17.0.15.6-hotspot\bin\java.dll
Event: 0.034 Loaded shared library C:\Program Files\Microsoft\jdk-17.0.15.6-hotspot\bin\jsvml.dll
Event: 0.056 Loaded shared library C:\Program Files\Microsoft\jdk-17.0.15.6-hotspot\bin\net.dll
Event: 0.059 Loaded shared library C:\Program Files\Microsoft\jdk-17.0.15.6-hotspot\bin\nio.dll
Event: 0.062 Loaded shared library C:\Program Files\Microsoft\jdk-17.0.15.6-hotspot\bin\zip.dll
Event: 0.604 Loaded shared library C:\Program Files\Microsoft\jdk-17.0.15.6-hotspot\bin\jimage.dll
Event: 1.026 Loaded shared library C:\Program Files\Microsoft\jdk-17.0.15.6-hotspot\bin\verify.dll
Event: 1.103 Loaded shared library C:\Program Files\Microsoft\jdk-17.0.15.6-hotspot\bin\management.dll
Event: 1.105 Loaded shared library C:\Program Files\Microsoft\jdk-17.0.15.6-hotspot\bin\management_ext.dll
Event: 1.172 Loaded shared library C:\Users\bishw\.gradle\native\1def1411415f61bf3af743bc5b6707747c0891f09f0c88961ee8f79bc544acac\windows-amd64\native-platform.dll
Event: 1.457 Loaded shared library C:\Program Files\Microsoft\jdk-17.0.15.6-hotspot\bin\extnet.dll
Event: 1.700 Loaded shared library C:\Program Files\Microsoft\jdk-17.0.15.6-hotspot\bin\sunmscapi.dll

Deoptimization events (20 events):
Event: 1.706 Thread 0x0000022ffc3e10b0 DEOPT PACKING pc=0x0000022f8f597df4 sp=0x000000479fffc4d0
Event: 1.707 Thread 0x0000022ffc3e10b0 DEOPT UNPACKING pc=0x0000022f8f0169a3 sp=0x000000479fffc468 mode 2
Event: 1.707 Thread 0x0000022ffc3e10b0 Uncommon trap: trap_request=0xffffffde fr.pc=0x0000022f8f598154 relative=0x00000000000000b4
Event: 1.707 Thread 0x0000022ffc3e10b0 Uncommon trap: reason=class_check action=maybe_recompile pc=0x0000022f8f598154 method=java.util.AbstractList$Itr.next()Ljava/lang/Object; @ 14 c2
Event: 1.707 Thread 0x0000022ffc3e10b0 DEOPT PACKING pc=0x0000022f8f598154 sp=0x000000479fffc4c0
Event: 1.707 Thread 0x0000022ffc3e10b0 DEOPT UNPACKING pc=0x0000022f8f0169a3 sp=0x000000479fffc458 mode 2
Event: 1.750 Thread 0x0000022ffc3e10b0 Uncommon trap: trap_request=0xffffffde fr.pc=0x0000022f8f597df4 relative=0x0000000000000074
Event: 1.750 Thread 0x0000022ffc3e10b0 Uncommon trap: reason=class_check action=maybe_recompile pc=0x0000022f8f597df4 method=java.util.AbstractList$Itr.hasNext()Z @ 8 c2
Event: 1.750 Thread 0x0000022ffc3e10b0 DEOPT PACKING pc=0x0000022f8f597df4 sp=0x000000479fffd450
Event: 1.750 Thread 0x0000022ffc3e10b0 DEOPT UNPACKING pc=0x0000022f8f0169a3 sp=0x000000479fffd3e8 mode 2
Event: 66.498 Thread 0x0000022ffc3e10b0 Uncommon trap: trap_request=0xffffff45 fr.pc=0x0000022f8f610e28 relative=0x0000000000000508
Event: 66.498 Thread 0x0000022ffc3e10b0 Uncommon trap: reason=unstable_if action=reinterpret pc=0x0000022f8f610e28 method=com.esotericsoftware.kryo.io.Input.readUtf8(I)V @ 79 c2
Event: 66.498 Thread 0x0000022ffc3e10b0 DEOPT PACKING pc=0x0000022f8f610e28 sp=0x000000479fffcfd0
Event: 66.498 Thread 0x0000022ffc3e10b0 DEOPT UNPACKING pc=0x0000022f8f0169a3 sp=0x000000479fffcf68 mode 2
Event: 66.733 Thread 0x0000022fdce98700 DEOPT PACKING pc=0x0000022f87e07ff7 sp=0x00000047a17fe090
Event: 66.733 Thread 0x0000022fdce98700 DEOPT UNPACKING pc=0x0000022f8f017143 sp=0x00000047a17fd500 mode 0
Event: 66.755 Thread 0x0000022ffc3e10b0 Uncommon trap: trap_request=0xffffff45 fr.pc=0x0000022f8f60fedc relative=0x00000000000001bc
Event: 66.755 Thread 0x0000022ffc3e10b0 Uncommon trap: reason=unstable_if action=reinterpret pc=0x0000022f8f60fedc method=com.esotericsoftware.kryo.io.Input.require(I)I @ 65 c2
Event: 66.755 Thread 0x0000022ffc3e10b0 DEOPT PACKING pc=0x0000022f8f60fedc sp=0x000000479fffd070
Event: 66.755 Thread 0x0000022ffc3e10b0 DEOPT UNPACKING pc=0x0000022f8f0169a3 sp=0x000000479fffd020 mode 2

Classes loaded (20 events):
Event: 66.429 Loading class java/io/SerialCallbackContext
Event: 66.429 Loading class java/io/SerialCallbackContext done
Event: 66.439 Loading class java/io/PrintWriter
Event: 66.440 Loading class java/io/PrintWriter done
Event: 66.440 Loading class java/lang/Throwable$PrintStreamOrWriter
Event: 66.440 Loading class java/lang/Throwable$PrintStreamOrWriter done
Event: 66.454 Loading class java/io/ObjectStreamClass$1
Event: 66.454 Loading class java/io/ObjectStreamClass$1 done
Event: 66.454 Loading class java/io/DataOutputStream
Event: 66.455 Loading class java/io/DataOutputStream done
Event: 66.455 Loading class java/io/ObjectStreamClass$MemberSignature
Event: 66.455 Loading class java/io/ObjectStreamClass$MemberSignature done
Event: 66.455 Loading class java/io/ObjectStreamClass$3
Event: 66.455 Loading class java/io/ObjectStreamClass$3 done
Event: 66.456 Loading class java/io/ObjectStreamClass$4
Event: 66.456 Loading class java/io/ObjectStreamClass$4 done
Event: 66.456 Loading class java/io/ObjectStreamClass$5
Event: 66.456 Loading class java/io/ObjectStreamClass$5 done
Event: 66.541 Loading class java/lang/Throwable$WrappedPrintWriter
Event: 66.541 Loading class java/lang/Throwable$WrappedPrintWriter done

Classes unloaded (0 events):
No events

Classes redefined (0 events):
No events

Internal exceptions (20 events):
Event: 66.925 Thread 0x0000022fdce98700 Exception <a 'java/io/IOException'{0x00000000fee21ce8}> (0x00000000fee21ce8) 
thrown [s\src\hotspot\share\prims\jni.cpp, line 516]
Event: 66.925 Thread 0x0000022fdce98700 Exception <a 'java/io/IOException'{0x00000000fee222b0}> (0x00000000fee222b0) 
thrown [s\src\hotspot\share\prims\jni.cpp, line 516]
Event: 66.925 Thread 0x0000022fdce98700 Exception <a 'java/io/IOException'{0x00000000fee22c28}> (0x00000000fee22c28) 
thrown [s\src\hotspot\share\prims\jni.cpp, line 516]
Event: 66.925 Thread 0x0000022fdce98700 Exception <a 'java/io/IOException'{0x00000000fee231f0}> (0x00000000fee231f0) 
thrown [s\src\hotspot\share\prims\jni.cpp, line 516]
Event: 66.925 Thread 0x0000022fdce98700 Exception <a 'java/io/IOException'{0x00000000fee23808}> (0x00000000fee23808) 
thrown [s\src\hotspot\share\prims\jni.cpp, line 516]
Event: 66.925 Thread 0x0000022fdce98700 Exception <a 'java/io/IOException'{0x00000000fee23dd0}> (0x00000000fee23dd0) 
thrown [s\src\hotspot\share\prims\jni.cpp, line 516]
Event: 66.925 Thread 0x0000022fdce98700 Exception <a 'java/io/IOException'{0x00000000fee24540}> (0x00000000fee24540) 
thrown [s\src\hotspot\share\prims\jni.cpp, line 516]
Event: 66.925 Thread 0x0000022fdce98700 Exception <a 'java/io/IOException'{0x00000000fee24b08}> (0x00000000fee24b08) 
thrown [s\src\hotspot\share\prims\jni.cpp, line 516]
Event: 66.925 Thread 0x0000022fdce98700 Exception <a 'java/io/IOException'{0x00000000fee25120}> (0x00000000fee25120) 
thrown [s\src\hotspot\share\prims\jni.cpp, line 516]
Event: 66.925 Thread 0x0000022fdce98700 Exception <a 'java/io/IOException'{0x00000000fee256e8}> (0x00000000fee256e8) 
thrown [s\src\hotspot\share\prims\jni.cpp, line 516]
Event: 66.925 Thread 0x0000022fdce98700 Exception <a 'java/io/IOException'{0x00000000fee25e40}> (0x00000000fee25e40) 
thrown [s\src\hotspot\share\prims\jni.cpp, line 516]
Event: 66.925 Thread 0x0000022fdce98700 Exception <a 'java/io/IOException'{0x00000000fee26408}> (0x00000000fee26408) 
thrown [s\src\hotspot\share\prims\jni.cpp, line 516]
Event: 66.925 Thread 0x0000022fdce98700 Exception <a 'java/io/IOException'{0x00000000fee26a20}> (0x00000000fee26a20) 
thrown [s\src\hotspot\share\prims\jni.cpp, line 516]
Event: 66.925 Thread 0x0000022fdce98700 Exception <a 'java/io/IOException'{0x00000000fee26fe8}> (0x00000000fee26fe8) 
thrown [s\src\hotspot\share\prims\jni.cpp, line 516]
Event: 66.925 Thread 0x0000022fdce98700 Exception <a 'java/io/IOException'{0x00000000fee27648}> (0x00000000fee27648) 
thrown [s\src\hotspot\share\prims\jni.cpp, line 516]
Event: 66.925 Thread 0x0000022fdce98700 Exception <a 'java/io/IOException'{0x00000000fee27c10}> (0x00000000fee27c10) 
thrown [s\src\hotspot\share\prims\jni.cpp, line 516]
Event: 66.925 Thread 0x0000022fdce98700 Exception <a 'java/io/IOException'{0x00000000fee28228}> (0x00000000fee28228) 
thrown [s\src\hotspot\share\prims\jni.cpp, line 516]
Event: 66.925 Thread 0x0000022fdce98700 Exception <a 'java/io/IOException'{0x00000000fee287f0}> (0x00000000fee287f0) 
thrown [s\src\hotspot\share\prims\jni.cpp, line 516]
Event: 66.926 Thread 0x0000022fdce98700 Exception <a 'java/io/IOException'{0x00000000fee28f88}> (0x00000000fee28f88) 
thrown [s\src\hotspot\share\prims\jni.cpp, line 516]
Event: 66.926 Thread 0x0000022fdce98700 Exception <a 'java/io/IOException'{0x00000000fee29550}> (0x00000000fee29550) 
thrown [s\src\hotspot\share\prims\jni.cpp, line 516]

VM Operations (20 events):
Event: 47.389 Executing VM operation: Cleanup
Event: 47.389 Executing VM operation: Cleanup done
Event: 48.404 Executing VM operation: Cleanup
Event: 48.404 Executing VM operation: Cleanup done
Event: 49.410 Executing VM operation: Cleanup
Event: 49.410 Executing VM operation: Cleanup done
Event: 50.423 Executing VM operation: Cleanup
Event: 50.423 Executing VM operation: Cleanup done
Event: 51.424 Executing VM operation: Cleanup
Event: 51.424 Executing VM operation: Cleanup done
Event: 55.451 Executing VM operation: Cleanup
Event: 55.451 Executing VM operation: Cleanup done
Event: 58.488 Executing VM operation: Cleanup
Event: 58.488 Executing VM operation: Cleanup done
Event: 60.137 Executing VM operation: HandshakeAllThreads
Event: 60.137 Executing VM operation: HandshakeAllThreads done
Event: 66.174 Executing VM operation: Cleanup
Event: 66.208 Executing VM operation: Cleanup done
Event: 66.474 Executing VM operation: HandshakeAllThreads
Event: 66.475 Executing VM operation: HandshakeAllThreads done

Memory protections (0 events):
No events

Nmethod flushes (0 events):
No events

Events (19 events):
Event: 0.034 Thread 0x0000022ffc3e10b0 Thread added: 0x0000022ffc3e10b0
Event: 0.036 Thread 0x0000022ffc3e10b0 Thread added: 0x0000022fff7d08f0
Event: 0.037 Thread 0x0000022ffc3e10b0 Thread added: 0x0000022fff7d5f50
Event: 0.043 Thread 0x0000022ffc3e10b0 Thread added: 0x0000022fff7f01f0
Event: 0.044 Thread 0x0000022ffc3e10b0 Thread added: 0x0000022fff7f0bb0
Event: 0.044 Thread 0x0000022ffc3e10b0 Thread added: 0x0000022fff7f4120
Event: 0.044 Thread 0x0000022ffc3e10b0 Thread added: 0x0000022fff7f4ae0
Event: 0.044 Thread 0x0000022ffc3e10b0 Thread added: 0x0000022fff7f7ec0
Event: 0.044 Thread 0x0000022ffc3e10b0 Thread added: 0x0000022fff804c80
Event: 0.044 Thread 0x0000022ffc3e10b0 Thread added: 0x0000022fff812c60
Event: 0.053 Thread 0x0000022ffc3e10b0 Thread added: 0x0000022f96b72880
Event: 0.053 Thread 0x0000022ffc3e10b0 Thread added: 0x0000022f96b73a20
Event: 0.599 Thread 0x0000022fff7f7ec0 Thread added: 0x0000022fff8051d0
Event: 0.605 Thread 0x0000022fff804c80 Thread added: 0x0000022fff805720
Event: 1.226 Thread 0x0000022ffc3e10b0 Thread added: 0x0000022fdce98700
Event: 1.468 Thread 0x0000022fff805720 Thread exited: 0x0000022fff805720
Event: 1.468 Thread 0x0000022fff8051d0 Thread exited: 0x0000022fff8051d0
Event: 1.680 Thread 0x0000022fff7f7ec0 Thread added: 0x0000022fff8061c0
Event: 2.129 Thread 0x0000022fff8061c0 Thread exited: 0x0000022fff8061c0


Dynamic libraries:
0x00007ff7c9e00000 - 0x00007ff7c9e0e000 	C:\Program Files\Microsoft\jdk-17.0.15.6-hotspot\bin\java.exe
0x00007ff9f3100000 - 0x00007ff9f3366000 	C:\Windows\SYSTEM32\ntdll.dll
0x00007ff9f18e0000 - 0x00007ff9f19a9000 	C:\Windows\System32\KERNEL32.DLL
0x00007ff9f0570000 - 0x00007ff9f096f000 	C:\Windows\System32\KERNELBASE.dll
0x00007ff9f0a10000 - 0x00007ff9f0b5c000 	C:\Windows\System32\ucrtbase.dll
0x00007ff9e3810000 - 0x00007ff9e382d000 	C:\Program Files\Microsoft\jdk-17.0.15.6-hotspot\bin\VCRUNTIME140.dll
0x00007ff9e3970000 - 0x00007ff9e3987000 	C:\Program Files\Microsoft\jdk-17.0.15.6-hotspot\bin\jli.dll
0x00007ff9f2970000 - 0x00007ff9f2b36000 	C:\Windows\System32\USER32.dll
0x00007ff9f0540000 - 0x00007ff9f0567000 	C:\Windows\System32\win32u.dll
0x00007ff9f2740000 - 0x00007ff9f276b000 	C:\Windows\System32\GDI32.dll
0x00007ff9cd960000 - 0x00007ff9cdbf1000 	C:\Windows\WinSxS\amd64_microsoft.windows.common-controls_6595b64144ccf1df_6.0.26100.8972_none_3e0da176e32f9d4b\COMCTL32.dll
0x00007ff9f0b70000 - 0x00007ff9f0c99000 	C:\Windows\System32\gdi32full.dll
0x00007ff9f2520000 - 0x00007ff9f25c9000 	C:\Windows\System32\msvcrt.dll
0x00007ff9f03d0000 - 0x00007ff9f0473000 	C:\Windows\System32\msvcp_win.dll
0x00007ff9f17d0000 - 0x00007ff9f1802000 	C:\Windows\System32\IMM32.DLL
0x00007ff9e82c0000 - 0x00007ff9e82cc000 	C:\Program Files\Microsoft\jdk-17.0.15.6-hotspot\bin\vcruntime140_1.dll
0x00007ff9e3780000 - 0x00007ff9e380d000 	C:\Program Files\Microsoft\jdk-17.0.15.6-hotspot\bin\msvcp140.dll
0x00007ff96ee10000 - 0x00007ff96fa82000 	C:\Program Files\Microsoft\jdk-17.0.15.6-hotspot\bin\server\jvm.dll
0x00007ff9f1810000 - 0x00007ff9f18cc000 	C:\Windows\System32\ADVAPI32.dll
0x00007ff9f2470000 - 0x00007ff9f251a000 	C:\Windows\System32\sechost.dll
0x00007ff9f2350000 - 0x00007ff9f2468000 	C:\Windows\System32\RPCRT4.dll
0x00007ff9f14f0000 - 0x00007ff9f1572000 	C:\Windows\System32\WS2_32.dll
0x00007ff9efa50000 - 0x00007ff9efaae000 	C:\Windows\SYSTEM32\POWRPROF.dll
0x00007ff9da770000 - 0x00007ff9da7a6000 	C:\Windows\SYSTEM32\WINMM.dll
0x00007ff9e3830000 - 0x00007ff9e383b000 	C:\Windows\SYSTEM32\VERSION.dll
0x00007ff9efa30000 - 0x00007ff9efa45000 	C:\Windows\SYSTEM32\UMPDC.dll
0x00007ff9ef000000 - 0x00007ff9ef01b000 	C:\Windows\SYSTEM32\kernel.appcore.dll
0x00007ff9e4f10000 - 0x00007ff9e4f1a000 	C:\Program Files\Microsoft\jdk-17.0.15.6-hotspot\bin\jimage.dll
0x00007ff9ed870000 - 0x00007ff9edab2000 	C:\Windows\SYSTEM32\DBGHELP.DLL
0x00007ff9f2b40000 - 0x00007ff9f2ec5000 	C:\Windows\System32\combase.dll
0x00007ff9f2660000 - 0x00007ff9f2739000 	C:\Windows\System32\OLEAUT32.dll
0x00007ff9bef80000 - 0x00007ff9befbb000 	C:\Windows\SYSTEM32\dbgcore.DLL
0x00007ff9f0310000 - 0x00007ff9f03bc000 	C:\Windows\System32\bcryptPrimitives.dll
0x00007ff9d72f0000 - 0x00007ff9d7315000 	C:\Program Files\Microsoft\jdk-17.0.15.6-hotspot\bin\java.dll
0x00007ff9cb360000 - 0x00007ff9cb436000 	C:\Program Files\Microsoft\jdk-17.0.15.6-hotspot\bin\jsvml.dll
0x00007ff9f1bc0000 - 0x00007ff9f2348000 	C:\Windows\System32\SHELL32.dll
0x00007ff9edd90000 - 0x00007ff9ee62b000 	C:\Windows\SYSTEM32\windows.storage.dll
0x00007ff9f1580000 - 0x00007ff9f1679000 	C:\Windows\System32\SHCORE.dll
0x00007ff9f1b50000 - 0x00007ff9f1bb6000 	C:\Windows\System32\shlwapi.dll
0x00007ff9f0230000 - 0x00007ff9f0259000 	C:\Windows\SYSTEM32\profapi.dll
0x00007ff9d72d0000 - 0x00007ff9d72ea000 	C:\Program Files\Microsoft\jdk-17.0.15.6-hotspot\bin\net.dll
0x00007ff9e4dc0000 - 0x00007ff9e4ee8000 	C:\Windows\SYSTEM32\WINHTTP.dll
0x00007ff9ef620000 - 0x00007ff9ef68c000 	C:\Windows\system32\mswsock.dll
0x00007ff9cd3b0000 - 0x00007ff9cd3c6000 	C:\Program Files\Microsoft\jdk-17.0.15.6-hotspot\bin\nio.dll
0x00007ff9cd3f0000 - 0x00007ff9cd408000 	C:\Program Files\Microsoft\jdk-17.0.15.6-hotspot\bin\zip.dll
0x00007ff9e44a0000 - 0x00007ff9e44b0000 	C:\Program Files\Microsoft\jdk-17.0.15.6-hotspot\bin\verify.dll
0x00007ff9cf200000 - 0x00007ff9cf20a000 	C:\Program Files\Microsoft\jdk-17.0.15.6-hotspot\bin\management.dll
0x00007ff9cd440000 - 0x00007ff9cd44b000 	C:\Program Files\Microsoft\jdk-17.0.15.6-hotspot\bin\management_ext.dll
0x00007ff9f2770000 - 0x00007ff9f2778000 	C:\Windows\System32\PSAPI.DLL
0x00007ff9e3710000 - 0x00007ff9e3737000 	C:\Users\bishw\.gradle\native\1def1411415f61bf3af743bc5b6707747c0891f09f0c88961ee8f79bc544acac\windows-amd64\native-platform.dll
0x00007ff9ee990000 - 0x00007ff9ee9c3000 	C:\Windows\SYSTEM32\IPHLPAPI.DLL
0x00007ff9f14e0000 - 0x00007ff9f14ea000 	C:\Windows\System32\NSI.dll
0x00007ff9e4fd0000 - 0x00007ff9e4fed000 	C:\Windows\SYSTEM32\dhcpcsvc6.DLL
0x00007ff9e4d90000 - 0x00007ff9e4db5000 	C:\Windows\SYSTEM32\dhcpcsvc.DLL
0x00007ff9ee9d0000 - 0x00007ff9eeb28000 	C:\Windows\SYSTEM32\DNSAPI.dll
0x00007ff9ef400000 - 0x00007ff9ef40d000 	C:\Windows\SYSTEM32\DSPARSE.dll
0x00007ff9e87d0000 - 0x00007ff9e87d9000 	C:\Program Files\Microsoft\jdk-17.0.15.6-hotspot\bin\extnet.dll
0x00007ff9ef930000 - 0x00007ff9ef94b000 	C:\Windows\SYSTEM32\CRYPTSP.dll
0x00007ff9eef60000 - 0x00007ff9eef99000 	C:\Windows\system32\rsaenh.dll
0x00007ff9ef6d0000 - 0x00007ff9ef702000 	C:\Windows\SYSTEM32\USERENV.dll
0x00007ff9f0200000 - 0x00007ff9f022a000 	C:\Windows\SYSTEM32\bcrypt.dll
0x00007ff9ef950000 - 0x00007ff9ef95c000 	C:\Windows\SYSTEM32\CRYPTBASE.dll
0x00007ff9e8390000 - 0x00007ff9e839e000 	C:\Program Files\Microsoft\jdk-17.0.15.6-hotspot\bin\sunmscapi.dll
0x00007ff9f0ca0000 - 0x00007ff9f0e1e000 	C:\Windows\System32\CRYPT32.dll
0x00007ff9efc00000 - 0x00007ff9efc30000 	C:\Windows\SYSTEM32\ncrypt.dll
0x00007ff9efbb0000 - 0x00007ff9efbef000 	C:\Windows\SYSTEM32\NTASN1.dll
0x00007ff9e5870000 - 0x00007ff9e5878000 	C:\Windows\system32\wshunix.dll

dbghelp: loaded successfully - version: 4.0.5 - missing functions: none
symbol engine: initialized successfully - sym options: 0x614 - pdb path: .;C:\Program Files\Microsoft\jdk-17.0.15.6-hotspot\bin;C:\Windows\SYSTEM32;C:\Windows\WinSxS\amd64_microsoft.windows.common-controls_6595b64144ccf1df_6.0.26100.8972_none_3e0da176e32f9d4b;C:\Program Files\Microsoft\jdk-17.0.15.6-hotspot\bin\server;C:\Users\bishw\.gradle\native\1def1411415f61bf3af743bc5b6707747c0891f09f0c88961ee8f79bc544acac\windows-amd64

VM Arguments:
jvm_args: -Xmx64m -Xms64m -Dorg.gradle.appname=gradlew 
java_command: D:/BhojanQRMobile/android/gradle/wrapper/gradle-wrapper.jar installDebug --console=plain
java_class_path (initial): D:/BhojanQRMobile/android/gradle/wrapper/gradle-wrapper.jar
Launcher Type: SUN_STANDARD

[Global flags]
     intx CICompilerCount                          = 4                                         {product} {ergonomic}
     uint ConcGCThreads                            = 3                                         {product} {ergonomic}
     uint G1ConcRefinementThreads                  = 10                                        {product} {ergonomic}
   size_t G1HeapRegionSize                         = 1048576                                   {product} {ergonomic}
    uintx GCDrainStackTargetSize                   = 64                                        {product} {ergonomic}
   size_t InitialHeapSize                          = 67108864                                  {product} {command line}
   size_t MarkStackSize                            = 4194304                                   {product} {ergonomic}
   size_t MaxHeapSize                              = 67108864                                  {product} {command line}
   size_t MaxNewSize                               = 39845888                                  {product} {ergonomic}
   size_t MinHeapDeltaBytes                        = 1048576                                   {product} {ergonomic}
   size_t MinHeapSize                              = 67108864                                  {product} {command line}
    uintx NonNMethodCodeHeapSize                   = 5839372                                {pd product} {ergonomic}
    uintx NonProfiledCodeHeapSize                  = 122909434                              {pd product} {ergonomic}
    uintx ProfiledCodeHeapSize                     = 122909434                              {pd product} {ergonomic}
    uintx ReservedCodeCacheSize                    = 251658240                              {pd product} {ergonomic}
     bool SegmentedCodeCache                       = true                                      {product} {ergonomic}
   size_t SoftMaxHeapSize                          = 67108864                               {manageable} {ergonomic}
     bool UseCompressedClassPointers               = true                           {product lp64_product} {ergonomic}
     bool UseCompressedOops                        = true                           {product lp64_product} {ergonomic}
     bool UseG1GC                                  = true                                      {product} {ergonomic}
     bool UseLargePagesIndividualAllocation        = false                                  {pd product} {ergonomic}

Logging:
Log output configuration:
 #0: stdout all=warning uptime,level,tags
 #1: stderr all=off uptime,level,tags

Environment Variables:
JAVA_HOME=C:\Program Files\Microsoft\jdk-17.0.15.6-hotspot\
PATH=D:\conda\condabin;C:\Users\bishw\bin;C:\Program Files\Git\mingw64\bin;C:\Program Files\Git\usr\local\bin;C:\Program Files\Git\usr\bin;C:\Program Files\Git\usr\bin;C:\Program Files\Git\mingw64\bin;C:\Program Files\Git\usr\bin;C:\Users\bishw\bin;C:\Program Files\Microsoft\jdk-17.0.15.6-hotspot\bin;C:\Python313\Scripts;C:\Python313;C:\Windows\system32;C:\Windows;C:\Windows\System32\Wbem;C:\Windows\System32\WindowsPowerShell\v1.0;C:\Windows\System32\OpenSSH;C:\Program Files\nodejs;C:\ProgramData\chocolatey\bin;C:\Program Files\Git\cmd;C:\Users\bishw\AppData\Local\Microsoft\WindowsApps;C:\Users\bishw\AppData\Roaming\npm;C:\Users\bishw\AppData\Local\Programs\Microsoft VS Code\bin;%ANDROID_HOME%\platform-tools;%ANDROID_HOME%\emulator;%ANDROID_HOME%\cmdline-tools\latest\bin;%LOCALAPPDATA%\Android\Sdk\platform-tools;C:\MinGW\bin;C:\Program Files\Microsoft VS Code\bin;C:\Program Files\Memurai;C:\Program Files (x86)\Windows Kits\10\Windows Performance Toolkit;C:\Program Files\GitHub CLI;C:\Users\bishw\AppData\Local\Programs\Python\Python310\Scripts;C:\Users\bishw\AppData\Local\Programs\Python\Python310;D:\conda;D:\conda\Library\mingw-w64\bin;D:\conda\Library\usr\bin;D:\conda\Library\bin;D:\conda\Scripts;C:\Users\bishw\AppData\Local\Programs\Python\Python311\Scripts;C:\Users\bishw\AppData\Local\Programs\Python\Python311;C:\Program Files\MySQL\MySQL Shell 8.0\bin;C:\Users\bishw\AppData\Local\Microsoft\WindowsApps;C:\Users\bishw\AppData\Roaming\npm;C:\Users\bishw\AppData\Local\Programs\Antigravity\bin;C:\Program Files\Git\usr\bin\vendor_perl;C:\Program Files\Git\usr\bin\core_perl
USERNAME=bishw
SHELL=C:\Program Files\Git\usr\bin\bash.exe
DISPLAY=needs-to-be-defined
LANG=en_US.UTF-8
TERM=xterm-256color
TMPDIR=C:\Users\bishw\AppData\Local\Temp
OS=Windows_NT
PROCESSOR_IDENTIFIER=Intel64 Family 6 Model 154 Stepping 3, GenuineIntel
TMP=C:\Users\bishw\AppData\Local\Temp
TEMP=C:\Users\bishw\AppData\Local\Temp



Periodic native trim disabled


---------------  S Y S T E M  ---------------

OS:
 Windows 11 , 64 bit Build 26100 (10.0.26100.9168)
OS uptime: 0 days 11:58 hours
Hyper-V role detected

CPU: total 12 (initial active 12) (6 cores per cpu, 2 threads per core) family 6 model 154 stepping 3 microcode 0x434, cx8, cmov, fxsr, ht, mmx, 3dnowpref, sse, sse2, sse3, ssse3, sse4.1, sse4.2, popcnt, lzcnt, tsc, tscinvbit, avx, avx2, aes, erms, clmul, bmi1, bmi2, adx, sha, fma, vzeroupper, clflush, clflushopt, clwb, hv
Processor Information for processor 0
  Max Mhz: 2000, Current Mhz: 2000, Mhz Limit: 2000
Processor Information for processor 1
  Max Mhz: 2000, Current Mhz: 2000, Mhz Limit: 2000
Processor Information for processor 2
  Max Mhz: 2000, Current Mhz: 2000, Mhz Limit: 2000
Processor Information for processor 3
  Max Mhz: 2000, Current Mhz: 2000, Mhz Limit: 2000
Processor Information for processor 4
  Max Mhz: 2000, Current Mhz: 2000, Mhz Limit: 2000
Processor Information for processor 5
  Max Mhz: 2000, Current Mhz: 2000, Mhz Limit: 2000
Processor Information for processor 6
  Max Mhz: 2000, Current Mhz: 2000, Mhz Limit: 2000
Processor Information for processor 7
  Max Mhz: 2000, Current Mhz: 2000, Mhz Limit: 2000
Processor Information for processor 8
  Max Mhz: 2000, Current Mhz: 2000, Mhz Limit: 2000
Processor Information for processor 9
  Max Mhz: 2000, Current Mhz: 1466, Mhz Limit: 2000
Processor Information for processor 10
  Max Mhz: 2000, Current Mhz: 2000, Mhz Limit: 2000
Processor Information for processor 11
  Max Mhz: 2000, Current Mhz: 2000, Mhz Limit: 2000

Memory: 4k page, system-wide physical 7832M (304M free)
TotalPageFile size 26657M (AvailPageFile size 4M)
current process WorkingSet (physical memory assigned to process): 72M, peak: 118M
current process commit charge ("private bytes"): 182M, peak: 184M

vm_info: OpenJDK 64-Bit Server VM (17.0.15+6-LTS) for windows-amd64 JRE (17.0.15+6-LTS), built on Apr  9 2025 22:27:25 by "MicrosoftCorporation" with unknown MS VC++:1939

END.
